// Jest Snapshot v1, https://goo.gl/fbAQLP

exports[`Renders without throwing 1`] = `
<p>
  The site is loading...
</p>
`;
